The device supports: i8sdot:0, fp16:0, i8mm: 0, sve2: 0, sme2: 0
{"kind":"started","state":"running","page":0,"request_id":null,"page_completed":0,"page_total":0,"region_completed":0,"region_total":0}
{"kind":"page_started","state":"running","page":1,"request_id":null,"page_completed":0,"page_total":1,"region_completed":0,"region_total":0}
{"kind":"decode_completed","state":"running","page":1,"request_id":null,"page_completed":0,"page_total":1,"region_completed":0,"region_total":0}
{"kind":"layout_started","state":"running","page":1,"request_id":null,"page_completed":0,"page_total":1,"region_completed":0,"region_total":0}
{"kind":"layout_completed","state":"running","page":1,"request_id":null,"page_completed":0,"page_total":1,"region_completed":0,"region_total":0}
{"kind":"region_started","state":"running","page":1,"request_id":"reqr0001","page_completed":0,"page_total":1,"region_completed":0,"region_total":21}
{"kind":"region_completed","state":"running","page":1,"request_id":"reqr0001","page_completed":0,"page_total":1,"region_completed":1,"region_total":21}
{"kind":"region_started","state":"running","page":1,"request_id":"reqr0002","page_completed":0,"page_total":1,"region_completed":1,"region_total":21}
{"kind":"region_completed","state":"running","page":1,"request_id":"reqr0002","page_completed":0,"page_total":1,"region_completed":2,"region_total":21}
{"kind":"region_started","state":"running","page":1,"request_id":"reqr0003","page_completed":0,"page_total":1,"region_completed":2,"region_total":21}
{"kind":"region_completed","state":"running","page":1,"request_id":"reqr0003","page_completed":0,"page_total":1,"region_completed":3,"region_total":21}
{"kind":"region_started","state":"running","page":1,"request_id":"reqr0004","page_completed":0,"page_total":1,"region_completed":3,"region_total":21}
{"kind":"region_completed","state":"running","page":1,"request_id":"reqr0004","page_completed":0,"page_total":1,"region_completed":4,"region_total":21}
{"kind":"region_started","state":"running","page":1,"request_id":"reqr0005","page_completed":0,"page_total":1,"region_completed":4,"region_total":21}
{"kind":"region_completed","state":"running","page":1,"request_id":"reqr0005","page_completed":0,"page_total":1,"region_completed":5,"region_total":21}
{"kind":"region_started","state":"running","page":1,"request_id":"reqr0006","page_completed":0,"page_total":1,"region_completed":5,"region_total":21}
{"kind":"region_completed","state":"running","page":1,"request_id":"reqr0006","page_completed":0,"page_total":1,"region_completed":6,"region_total":21}
{"kind":"region_started","state":"running","page":1,"request_id":"reqr0007","page_completed":0,"page_total":1,"region_completed":6,"region_total":21}
{"kind":"region_completed","state":"running","page":1,"request_id":"reqr0007","page_completed":0,"page_total":1,"region_completed":7,"region_total":21}
{"kind":"region_started","state":"running","page":1,"request_id":"reqr0008","page_completed":0,"page_total":1,"region_completed":7,"region_total":21}
{"kind":"region_completed","state":"running","page":1,"request_id":"reqr0008","page_completed":0,"page_total":1,"region_completed":8,"region_total":21}
{"kind":"region_started","state":"running","page":1,"request_id":"reqr0009","page_completed":0,"page_total":1,"region_completed":8,"region_total":21}
{"kind":"region_completed","state":"running","page":1,"request_id":"reqr0009","page_completed":0,"page_total":1,"region_completed":9,"region_total":21}
{"kind":"region_started","state":"running","page":1,"request_id":"reqr0010","page_completed":0,"page_total":1,"region_completed":9,"region_total":21}
{"kind":"region_completed","state":"running","page":1,"request_id":"reqr0010","page_completed":0,"page_total":1,"region_completed":10,"region_total":21}
{"kind":"region_started","state":"running","page":1,"request_id":"reqr0011","page_completed":0,"page_total":1,"region_completed":10,"region_total":21}
{"kind":"region_completed","state":"running","page":1,"request_id":"reqr0011","page_completed":0,"page_total":1,"region_completed":11,"region_total":21}
{"kind":"region_started","state":"running","page":1,"request_id":"reqr0012","page_completed":0,"page_total":1,"region_completed":11,"region_total":21}
{"kind":"region_completed","state":"running","page":1,"request_id":"reqr0012","page_completed":0,"page_total":1,"region_completed":12,"region_total":21}
{"kind":"region_started","state":"running","page":1,"request_id":"reqr0013","page_completed":0,"page_total":1,"region_completed":12,"region_total":21}
{"kind":"region_completed","state":"running","page":1,"request_id":"reqr0013","page_completed":0,"page_total":1,"region_completed":13,"region_total":21}
{"kind":"region_started","state":"running","page":1,"request_id":"reqr0014","page_completed":0,"page_total":1,"region_completed":13,"region_total":21}
{"kind":"region_completed","state":"running","page":1,"request_id":"reqr0014","page_completed":0,"page_total":1,"region_completed":14,"region_total":21}
{"kind":"region_started","state":"running","page":1,"request_id":"reqr0015","page_completed":0,"page_total":1,"region_completed":14,"region_total":21}
{"kind":"region_completed","state":"running","page":1,"request_id":"reqr0015","page_completed":0,"page_total":1,"region_completed":15,"region_total":21}
{"kind":"region_started","state":"running","page":1,"request_id":"reqr0016","page_completed":0,"page_total":1,"region_completed":15,"region_total":21}
{"kind":"region_completed","state":"running","page":1,"request_id":"reqr0016","page_completed":0,"page_total":1,"region_completed":16,"region_total":21}
{"kind":"region_started","state":"running","page":1,"request_id":"reqr0018","page_completed":0,"page_total":1,"region_completed":16,"region_total":21}
{"kind":"region_completed","state":"running","page":1,"request_id":"reqr0018","page_completed":0,"page_total":1,"region_completed":17,"region_total":21}
{"kind":"region_started","state":"running","page":1,"request_id":"reqr0019","page_completed":0,"page_total":1,"region_completed":17,"region_total":21}
{"kind":"region_completed","state":"running","page":1,"request_id":"reqr0019","page_completed":0,"page_total":1,"region_completed":18,"region_total":21}
{"kind":"region_started","state":"running","page":1,"request_id":"reqr0020","page_completed":0,"page_total":1,"region_completed":18,"region_total":21}
{"kind":"region_completed","state":"running","page":1,"request_id":"reqr0020","page_completed":0,"page_total":1,"region_completed":19,"region_total":21}
{"kind":"region_started","state":"running","page":1,"request_id":"reqr0021","page_completed":0,"page_total":1,"region_completed":19,"region_total":21}
{"kind":"region_completed","state":"running","page":1,"request_id":"reqr0021","page_completed":0,"page_total":1,"region_completed":20,"region_total":21}
{"kind":"region_started","state":"running","page":1,"request_id":"reqr0022","page_completed":0,"page_total":1,"region_completed":20,"region_total":21}
{"kind":"region_completed","state":"running","page":1,"request_id":"reqr0022","page_completed":0,"page_total":1,"region_completed":21,"region_total":21}
{"kind":"export_started","state":"running","page":1,"request_id":null,"page_completed":0,"page_total":1,"region_completed":21,"region_total":21}
{"kind":"export_completed","state":"running","page":1,"request_id":null,"page_completed":0,"page_total":1,"region_completed":21,"region_total":21}
{"kind":"page_completed","state":"running","page":1,"request_id":null,"page_completed":1,"page_total":1,"region_completed":21,"region_total":21}
{"kind":"recovery_started","state":"recovering","page":1,"request_id":null,"page_completed":1,"page_total":1,"region_completed":21,"region_total":21}
{"kind":"recovery_completed","state":"recovering","page":1,"request_id":null,"page_completed":1,"page_total":1,"region_completed":21,"region_total":21}
{"kind":"terminal","state":"partial","page":1,"request_id":null,"page_completed":1,"page_total":1,"region_completed":21,"region_total":21}
已导出：/dev/shm/docprase-issue25-final-jobs/candidate-04/job
