schemas/document-ir/document-ir-1.3.schema.json: OK
docs/issue-10/document-ir-1.3.schema.json: OK
schemas/document-ir/document-ir-1.4.schema.json: OK
docs/issue-11/document-ir-1.4.schema.json: OK
schemas/document-ir/document-ir-1.5-image.schema.json: OK
docs/issue-18/document-ir-1.5-image.schema.json: OK
schemas/document-ir/document-ir-1.5-pdf.schema.json: OK
docs/issue-18/document-ir-1.5-pdf.schema.json: OK
schemas/document-ir/document-ir-1.6-image.schema.json: OK
docs/issue-21/document-ir-1.6-image.schema.json: OK
schemas/document-ir/document-ir-1.6-pdf.schema.json: OK
docs/issue-21/document-ir-1.6-pdf.schema.json: OK
schemas/document-ir/document-ir-1.7-image.schema.json: OK
docs/issue-22/document-ir-1.7-image.schema.json: OK
schemas/document-ir/document-ir-1.7-pdf.schema.json: OK
docs/issue-22/document-ir-1.7-pdf.schema.json: OK
schemas/document-ir/document-ir-1.8-image.schema.json: OK
docs/issue-26/document-ir-1.8-image.schema.json: OK
schemas/document-ir/document-ir-1.8-pdf.schema.json: OK
docs/issue-26/document-ir-1.8-pdf.schema.json: OK
schemas/document-ir/document-ir-1.9-image.schema.json: OK
docs/issue-26/document-ir-1.9-image.schema.json: OK
schemas/document-ir/document-ir-1.9-pdf.schema.json: OK
docs/issue-26/document-ir-1.9-pdf.schema.json: OK
schemas/document-ir/document-ir-1.0.schema.json: OK
docs/issue-4/document-ir-1.0.schema.json: OK
schemas/document-ir/document-ir-1.1.schema.json: OK
docs/issue-8/document-ir-1.1.schema.json: OK
schemas/document-ir/document-ir-1.2.schema.json: OK
docs/issue-9/document-ir-1.2.schema.json: OK
schemas/document-ir/document-ir-1.10-image.schema.json: OK
schemas/document-ir/document-ir-1.10-pdf.schema.json: OK
schemas/document-ir/document-ir-1.11-image.schema.json: OK
schemas/document-ir/document-ir-1.11-pdf.schema.json: OK
schemas/document-ir/document-ir-1.12-image.schema.json: OK
schemas/document-ir/document-ir-1.12-pdf.schema.json: OK
