development/odb-01 passed
development/odb-02 passed
development/odb-03 passed
development/odb-04 passed
development/odb-05 passed
development/odb-06 passed
development/odb-07 passed
development/odb-08 passed
development/odb-09 passed
development/odb-10 passed
development/odb-11 passed
development/odb-12 passed
development/odb-13 passed
development/odb-14 passed
development/odb-15 passed
development/odb-16 passed
development/odb-17 passed
development/odb-18 passed
development/odb-19 passed
development/odb-20 passed
old-seven/zh_text_table passed
old-seven/zh_formula passed
old-seven/zh_merged_table passed
old-seven/en_jee passed
old-seven/zh_pdf passed
old-seven/en_two_column passed
