legal_table_child passed
legal_inline_formula passed
short_title passed
legal_caption passed
partial_containment passed
independent_formula passed
page_boundary passed
subpixel_width passed
union_adjacent passed
nms_same_and_cross passed
score_boundary passed
large_page_image passed
display_formula_in_chart passed
reference_skip passed
rank_mask passed
unknown_label passed
all_labels passed
issue19-reference passed
odb-01 passed
odb-02 passed
odb-03 passed
odb-04 passed
odb-05 passed
odb-06 passed
odb-07 passed
odb-08 passed
odb-09 passed
odb-10 passed
odb-11 passed
odb-12 passed
odb-13 passed
odb-14 passed
odb-15 passed
odb-16 passed
odb-17 passed
odb-18 passed
odb-19 passed
odb-20 passed
