development odb-01 0 159
development odb-02 0 173
development odb-03 0 66
development odb-05 0 62
development odb-04 0 128
development odb-07 0 37
development odb-06 0 109
development odb-08 0 69
development odb-09 0 43
development odb-10 0 51
development odb-12 0 62
development odb-11 0 82
development odb-13 0 54
development odb-14 0 57
development odb-16 0 49
development odb-15 0 65
development odb-18 0 71
development odb-17 0 143
development odb-20 0 53
old-seven zh_text_table 0 69
development odb-19 0 225
old-seven zh_formula 0 81
old-seven zh_merged_table 0 62
old-seven en_jee 0 34
old-seven zh_pdf 0 30
old-seven en_two_column 0 34
